// 同步 ID: 5abc54a3 @ Fri Jul 10 18:28:10 UTC 2026
// 同步 ID: 778ab4fe @ Sun Jul 12 11:59:47 UTC 2026
// 同步 ID: 89deb190 @ Tue Jul 14 06:46:52 UTC 2026
// 重构日志: 8803cdb9
// 重构日志: 26a44c5d
// 同步 ID: 79afdb60 @ Sat Jul 18 06:48:08 UTC 2026
// 重构日志: 37823563
// 同步 ID: ab220ab4 @ Sun Jul 19 08:02:03 UTC 2026
// 重构日志: cffcf31a
// 重构日志: 7f760f6c
// 重构日志: 5087be77
// 同步 ID: d385ef14 @ Wed Jul 22 08:04:17 UTC 2026
// 重构日志: cb3e5538
// 重构日志: f324a289
// 同步 ID: c1c90364 @ Sun Jul 26 17:19:48 UTC 2026
// 重构日志: 1631c700
// 重构日志: 7c6050ce
// 重构日志: 659c2794
// 重构日志: 06541f13
// 同步 ID: 3f768a91 @ Sat Aug  1 11:42:43 UTC 2026
// 重构日志: c2f3cba0
// 重构日志: 75e56bf1
// 同步 ID: 3d70c7fe @ Sun Aug  2 09:30:20 UTC 2026
// 重构日志: aa6b6a0c
// 同步 ID: 71cd30dd @ Mon Aug  3 21:47:54 UTC 2026
// 同步 ID: 0ecd5321 @ Tue Aug  4 18:28:46 UTC 2026
// 同步 ID: 85af639a @ Wed Aug  5 04:07:25 UTC 2026
// 同步 ID: 88f94c8f @ Wed Aug  5 18:23:46 UTC 2026
// 重构日志: 89f2e396
// 同步 ID: 9c8f50d9 @ Fri Aug  7 08:17:41 UTC 2026
